src/context/AuthContext.tsx(3,10): error TS1484: 'User' is a type and must be imported using a type-only import when 'verbatimModuleSyntax' is enabled.
src/pages/auth/LoginPage.tsx(3,10): error TS6133: 'Shield' is declared but its value is never read.
src/pages/auth/LoginPage.tsx(3,30): error TS6133: 'User' is declared but its value is never read.
src/pages/auth/LoginPage.tsx(100,61): error TS2322: Type '{ children: string; to: string; size: string; className: string; }' is not assignable to type 'IntrinsicAttributes & LinkProps & RefAttributes<HTMLAnchorElement>'.
  Property 'size' does not exist on type 'IntrinsicAttributes & LinkProps & RefAttributes<HTMLAnchorElement>'.
src/pages/auth/RegisterPage.tsx(3,10): error TS6133: 'Shield' is declared but its value is never read.
src/pages/auth/RegisterPage.tsx(3,36): error TS6133: 'Phone' is declared but its value is never read.
src/pages/auth/RegisterPage.tsx(3,43): error TS6133: 'Calendar' is declared but its value is never read.
src/pages/auth/RegisterPage.tsx(3,73): error TS6133: 'Award' is declared but its value is never read.
src/pages/auth/RegisterPage.tsx(3,80): error TS6133: 'Building2' is declared but its value is never read.
src/pages/auth/RegisterPage.tsx(3,91): error TS6133: 'MapPin' is declared but its value is never read.
src/pages/auth/RegisterPage.tsx(3,99): error TS6133: 'ChevronRight' is declared but its value is never read.
src/pages/auth/RegisterPage.tsx(3,113): error TS6133: 'ChevronLeft' is declared but its value is never read.
src/pages/auth/RegisterPage.tsx(3,126): error TS6133: 'Check' is declared but its value is never read.
src/pages/doctor/DoctorDashboard.tsx(2,69): error TS6133: 'DollarSign' is declared but its value is never read.
